---
source: weather-lib/src/weather_report/parsers/conditions.rs
expression: mappings
---
[
    (
        "A few clouds",
        [
            Cloudy,
        ],
    ),
    (
        "A few flurries or rain showers",
        [
            Flurries,
            Rain,
        ],
    ),
    (
        "A few flurries",
        [
            Flurries,
        ],
    ),
    (
        "A few showers",
        [
            Rain,
        ],
    ),
    (
        "A mix of sun and cloud",
        [
            Sunny,
            Cloudy,
        ],
    ),
    (
        "Blizzard",
        [
            Blizzard,
        ],
    ),
    (
        "Blowing snow",
        [
            BlowingSnow,
        ],
    ),
    (
        "Chance of drizzle or rain",
        [
            Drizzle,
            Rain,
        ],
    ),
    (
        "Chance of drizzle",
        [
            Drizzle,
        ],
    ),
    (
        "Chance of flurries or rain showers",
        [
            Flurries,
            Rain,
        ],
    ),
    (
        "Chance of flurries",
        [
            Flurries,
        ],
    ),
    (
        "Chance of light snow",
        [
            Snow,
        ],
    ),
    (
        "Chance of rain showers or flurries",
        [
            Rain,
            Flurries,
        ],
    ),
    (
        "Chance of rain showers or wet flurries",
        [
            Rain,
            Flurries,
        ],
    ),
    (
        "Chance of rain",
        [
            Rain,
        ],
    ),
    (
        "Chance of showers or drizzle",
        [
            Rain,
            Drizzle,
        ],
    ),
    (
        "Chance of showers",
        [
            Rain,
        ],
    ),
    (
        "Chance of snow sqalls",
        [
            SnowSqualls,
        ],
    ),
    (
        "Chance of snow",
        [
            Snow,
        ],
    ),
    (
        "Clear",
        [
            Clear,
        ],
    ),
    (
        "Clearing",
        [
            Clear,
        ],
    ),
    (
        "Cloudy periods",
        [
            Cloudy,
        ],
    ),
    (
        "Cloudy",
        [
            Cloudy,
        ],
    ),
    (
        "Drifting Snow",
        [
            Snow,
        ],
    ),
    (
        "Drizzle mixed with freezing drizzle",
        [
            Drizzle,
            FreezingDrizzle,
        ],
    ),
    (
        "Drizzle",
        [
            Drizzle,
        ],
    ),
    (
        "Flurries or rain showers",
        [
            Flurries,
            Rain,
        ],
    ),
    (
        "Flurries",
        [
            Flurries,
        ],
    ),
    (
        "Fog Patches",
        [
            Fog,
        ],
    ),
    (
        "Fog",
        [
            Fog,
        ],
    ),
    (
        "Freezing Fog",
        [
            FreezingFog,
        ],
    ),
    (
        "Freezing rain or rain",
        [
            FreezingRain,
            Rain,
        ],
    ),
    (
        "Freezing rain or snow",
        [
            FreezingRain,
            Snow,
        ],
    ),
    (
        "Haze",
        [
            Haze,
        ],
    ),
    (
        "Heavy Snow",
        [
            Snow,
        ],
    ),
    (
        "Ice Crystals",
        [
            IceCrystals,
        ],
    ),
    (
        "Increasing cloudiness",
        [
            Cloudy,
        ],
    ),
    (
        "Light Drizzle",
        [
            Drizzle,
        ],
    ),
    (
        "Light Freezing Drizzle",
        [
            FreezingDrizzle,
        ],
    ),
    (
        "Light Rain and Fog",
        [
            Rain,
            Fog,
        ],
    ),
    (
        "Light Rain",
        [
            Rain,
        ],
    ),
    (
        "Light Rainshower",
        [
            Rain,
        ],
    ),
    (
        "Light Snow and Blowing Snow",
        [
            Snow,
            BlowingSnow,
        ],
    ),
    (
        "Light snow mixed with rain",
        [
            Snow,
            Rain,
        ],
    ),
    (
        "Light snow",
        [
            Snow,
        ],
    ),
    (
        "Light Snow",
        [
            Snow,
        ],
    ),
    (
        "Light Snowshower",
        [
            Snow,
        ],
    ),
    (
        "Mainly Clear",
        [
            Clear,
        ],
    ),
    (
        "Mainly cloudy",
        [
            Cloudy,
        ],
    ),
    (
        "Mainly sunny",
        [
            Sunny,
        ],
    ),
    (
        "Mainly Sunny",
        [
            Sunny,
        ],
    ),
    (
        "Mist",
        [
            Mist,
        ],
    ),
    (
        "Mostly Cloudy",
        [
            Cloudy,
        ],
    ),
    (
        "Overcast",
        [
            Overcast,
        ],
    ),
    (
        "Partly cloudy",
        [
            Cloudy,
        ],
    ),
    (
        "Partly Cloudy",
        [
            Cloudy,
        ],
    ),
    (
        "Periods of drizzle or rain",
        [
            Drizzle,
            Rain,
        ],
    ),
    (
        "Periods of drizzle",
        [
            Drizzle,
        ],
    ),
    (
        "Periods of light snow mixed with freezing drizzle",
        [
            Snow,
            FreezingDrizzle,
        ],
    ),
    (
        "Periods of light snow",
        [
            Snow,
        ],
    ),
    (
        "Periods of rain mixed with snow",
        [
            Rain,
            Snow,
        ],
    ),
    (
        "Periods of rain or drizzle",
        [
            Rain,
            Drizzle,
        ],
    ),
    (
        "Periods of rain or freezing rain",
        [
            Rain,
            FreezingRain,
        ],
    ),
    (
        "Periods of rain or snow",
        [
            Rain,
            Snow,
        ],
    ),
    (
        "Periods of rain",
        [
            Rain,
        ],
    ),
    (
        "Periods of snow and blowing snow",
        [
            Snow,
            BlowingSnow,
        ],
    ),
    (
        "Periods of snow mixed with rain",
        [
            Snow,
            Rain,
        ],
    ),
    (
        "Periods of snow or rain",
        [
            Snow,
            Rain,
        ],
    ),
    (
        "Periods of snow",
        [
            Snow,
        ],
    ),
    (
        "Periods of wet snow mixed with rain",
        [
            Snow,
            Rain,
        ],
    ),
    (
        "Rain at times heavy",
        [
            Rain,
        ],
    ),
    (
        "Rain mixed with snow",
        [
            Rain,
            Snow,
        ],
    ),
    (
        "Rain or drizzle",
        [
            Rain,
            Drizzle,
        ],
    ),
    (
        "Rain or snow",
        [
            Rain,
            Snow,
        ],
    ),
    (
        "Rain showers or flurries",
        [
            Rain,
            Flurries,
        ],
    ),
    (
        "Rain",
        [
            Rain,
        ],
    ),
    (
        "Showers or drizzle",
        [
            Rain,
            Drizzle,
        ],
    ),
    (
        "Showers",
        [
            Rain,
        ],
    ),
    (
        "Snow and blowing snow",
        [
            Snow,
            BlowingSnow,
        ],
    ),
    (
        "Snow and Blowing Snow",
        [
            Snow,
            BlowingSnow,
        ],
    ),
    (
        "Snow mixed with rain",
        [
            Snow,
            Rain,
        ],
    ),
    (
        "Snow or rain",
        [
            Snow,
            Rain,
        ],
    ),
    (
        "Snow squalls",
        [
            SnowSqualls,
        ],
    ),
    (
        "Snow",
        [
            Snow,
        ],
    ),
    (
        "Sunny",
        [
            Sunny,
        ],
    ),
]
